
> shopgood-pe@0.1.0 build
> next build

⚠ Warning: Next.js inferred your workspace root, but it may not be correct.
 We detected multiple lockfiles and selected the directory of D:\PROYECTOS\Sistema ecommerce\shopgood-pe\package-lock.json as the root directory.
 To silence this warning, set `turbopack.root` in your Next.js config, or consider removing one of the lockfiles if it's not needed.
   See https://nextjs.org/docs/app/api-reference/config/next-config-js/turbopack#root-directory for more information.
 Detected additional lockfiles: 
   * D:\PROYECTOS\Sistema ecommerce\shopgood-pe\.worktrees\admin-order-ux\package-lock.json

▲ Next.js 16.1.1 (Turbopack)
- Environments: .env
- Experiments (use with caution):
  · serverActions

⚠ The "middleware" file convention is deprecated. Please use "proxy" instead. Learn more: https://nextjs.org/docs/messages/middleware-to-proxy
  Creating an optimized production build ...
✓ Compiled successfully in 6.9s
  Running TypeScript ...
  Collecting page data using 11 workers ...
  Generating static pages using 11 workers (0/99) ...
  Generating static pages using 11 workers (24/99) 
  Generating static pages using 11 workers (49/99) 
  Generating static pages using 11 workers (74/99) 
✓ Generating static pages using 11 workers (99/99) in 4.9s
  Finalizing page optimization ...

Route (app)
┌ ○ /
├ ○ /_not-found
├ ƒ /admin
├ ○ /admin-auth/login
├ ○ /admin-auth/register
├ ƒ /admin/categorias
├ ƒ /admin/categorias/[categoryId]
├ ○ /admin/categorias/nueva
├ ƒ /admin/configuracion
├ ○ /admin/configuracion/culqi
├ ○ /admin/configuracion/emails
├ ○ /admin/configuracion/pagos
├ ○ /admin/configuracion/pixeles
├ ƒ /admin/configuracion/roles
├ ƒ /admin/configuracion/roles/[id]
├ ○ /admin/configuracion/roles/nuevo
├ ƒ /admin/configuracion/sunat
├ ƒ /admin/configuracion/usuarios
├ ƒ /admin/configuracion/usuarios/[id]
├ ○ /admin/configuracion/usuarios/nuevo
├ ○ /admin/cupones
├ ƒ /admin/cupones/[couponId]
├ ○ /admin/cupones/nuevo
├ ○ /admin/dashboard
├ ○ /admin/envios/grupos
├ ƒ /admin/envios/grupos/[groupId]/editar
├ ƒ /admin/envios/grupos/[groupId]/tarifas
├ ƒ /admin/envios/grupos/[groupId]/tarifas/nueva
├ ƒ /admin/envios/tarifas/[id]/editar
├ ○ /admin/envios/zonas
├ ƒ /admin/envios/zonas/[id]/distritos
├ ƒ /admin/envios/zonas/[id]/editar
├ ƒ /admin/envios/zonas/[id]/grupos
├ ƒ /admin/envios/zonas/[id]/grupos/nuevo
├ ○ /admin/envios/zonas/nueva
├ ƒ /admin/facturacion
├ ○ /admin/inventario
├ ƒ /admin/inventario/[productId]
├ ○ /admin/inventario/ajustar
├ ○ /admin/inventario/movimientos
├ ○ /admin/inventario/nuevo
├ ƒ /admin/lealtad
├ ○ /admin/lealtad/clientes
├ ○ /admin/lealtad/configuracion
├ ○ /admin/lealtad/recompensas
├ ○ /admin/lealtad/recompensas/nueva
├ ƒ /admin/libro-reclamaciones
├ ○ /admin/libro-reclamaciones/builder
├ ƒ /admin/libro-reclamaciones/campos/[fieldId]
├ ○ /admin/libro-reclamaciones/campos/nuevo
├ ○ /admin/libro-reclamaciones/organizar
├ ƒ /admin/libro-reclamaciones/reclamaciones/[id]
├ ○ /admin/login
├ ○ /admin/newsletter
├ ƒ /admin/ordenes
├ ƒ /admin/ordenes/[orderId]
├ ○ /admin/pagos-pendientes
├ ƒ /admin/productos
├ ƒ /admin/productos/[productId]
├ ƒ /admin/productos/create
├ ○ /admin/productos/nuevo
├ ○ /admin/register
├ ƒ /api/admin/categories/[categoryId]/delete
├ ƒ /api/admin/categories/[categoryId]/update
├ ƒ /api/admin/categories/create
├ ƒ /api/admin/categories/preview-products
├ ƒ /api/admin/complaints/fields
├ ƒ /api/admin/complaints/fields/[fieldId]
├ ƒ /api/admin/coupons/[couponId]/delete
├ ƒ /api/admin/coupons/[couponId]/update
├ ƒ /api/admin/coupons/create
├ ƒ /api/admin/login
├ ƒ /api/admin/logout
├ ƒ /api/admin/orders/mark-shipped
├ ƒ /api/admin/orders/update-status
├ ƒ /api/admin/payments/approve
├ ƒ /api/admin/payments/reject
├ ƒ /api/admin/products/[productId]
├ ƒ /api/admin/products/[productId]/delete
├ ƒ /api/admin/products/[productId]/update
├ ƒ /api/admin/products/all
├ ƒ /api/admin/products/by-ids
├ ƒ /api/admin/products/create
├ ƒ /api/admin/products/search
├ ƒ /api/admin/register
├ ƒ /api/admin/settings
├ ƒ /api/complaints/submit
├ ƒ /api/coupons/validate
├ ƒ /api/culqi/public-key
├ ƒ /api/culqi/webhook
├ ƒ /api/newsletter/subscribe
├ ƒ /api/newsletter/unsubscribe
├ ƒ /api/search
├ ƒ /api/test
├ ƒ /api/upload
├ ƒ /api/webhooks/clerk
├ ○ /carrito
├ ƒ /categoria/[slug]
├ ○ /checkout
├ ○ /contacto
├ ƒ /cuenta
├ ƒ /cuenta/ordenes
├ ƒ /cuenta/ordenes/[id]
├ ƒ /cuenta/perfil
├ ƒ /cuenta/recompensas
├ ƒ /cuenta/referidos
├ ƒ /debug-auth
├ ○ /devoluciones
├ ○ /diagnostico
├ ○ /envios
├ ƒ /iniciar-sesion/[[...sign-in]]
├ ƒ /libro-reclamaciones
├ ƒ /libro-reclamaciones/gracias
├ ○ /limpiar-sesion
├ ○ /newsletter/cancelar
├ ○ /newsletter/confirmacion
├ ○ /nosotros
├ ƒ /orden/[orderId]/confirmacion
├ ƒ /orden/[orderId]/pago-paypal
├ ƒ /orden/[orderId]/pago-pendiente
├ ƒ /orden/[orderId]/pago-tarjeta
├ ○ /orden/verificar
├ ○ /preguntas
├ ○ /privacidad
├ ƒ /productos
├ ƒ /productos/[slug]
├ ƒ /registro/[[...sign-up]]
├ ○ /robots.txt
├ ○ /sign-out
├ ○ /sitemap.xml
├ ○ /terminos
├ ƒ /test-server-auth
└ ƒ /test-simple


ƒ Proxy (Middleware)

○  (Static)   prerendered as static content
ƒ  (Dynamic)  server-rendered on demand

